// Jest Snapshot v1, https://goo.gl/fbAQLP

exports[`Identification should display login button 1`] = `
<View
  style={
    Array [
      Object {
        "flex": 1,
        "justifyContent": "center",
        "marginTop": 0,
      },
      Object {
        "alignItems": "center",
      },
    ]
  }
>
  <Image
    source={1}
    style={
      Object {
        "height": 200,
        "width": 200,
      }
    }
  />
  <Text
    style={
      Object {
        "color": "#656565",
        "marginTop": 15,
        "textAlign": "center",
      }
    }
  >
    Adresse mail
  </Text>
  <TextInput
    allowFontScaling={true}
    autoCompleteType="email"
    autoCorrect={false}
    keyboardType="email-address"
    onChangeText={[Function]}
    onSubmitEditing={[Function]}
    placeholder="votre@email.fr"
    rejectResponderTermination={true}
    style={
      Object {
        "borderBottomColor": "#000000",
        "borderBottomWidth": 1,
        "height": 40,
        "marginBottom": 15,
        "width": 200,
      }
    }
    textContentType="emailAddress"
    underlineColorAndroid="transparent"
  />
  <Text
    style={
      Object {
        "color": "#656565",
        "marginTop": 15,
        "textAlign": "center",
      }
    }
  >
    Mot de passe
  </Text>
  <TextInput
    allowFontScaling={true}
    onChangeText={[Function]}
    onSubmitEditing={[Function]}
    placeholder="********"
    rejectResponderTermination={true}
    secureTextEntry={true}
    style={
      Object {
        "borderBottomColor": "#000000",
        "borderBottomWidth": 1,
        "height": 40,
        "marginBottom": 15,
        "width": 200,
      }
    }
    textContentType="password"
    underlineColorAndroid="transparent"
    value=""
  />
  <View
    accessibilityLabel="Bouton de connexion"
    accessibilityRole="button"
    accessibilityState={Object {}}
    accessible={true}
    focusable={true}
    onClick={[Function]}
    onResponderGrant={[Function]}
    onResponderMove={[Function]}
    onResponderRelease={[Function]}
    onResponderTerminate={[Function]}
    onResponderTerminationRequest={[Function]}
    onStartShouldSetResponder={[Function]}
    style={
      Object {
        "opacity": 1,
      }
    }
    testID="LoginButton"
  >
    <View
      style={
        Array [
          Object {},
        ]
      }
    >
      <Text
        style={
          Array [
            Object {
              "color": "#007AFF",
              "fontSize": 18,
              "margin": 8,
              "textAlign": "center",
            },
            Object {
              "color": "#e7007d",
            },
          ]
        }
      >
        CONNEXION
      </Text>
    </View>
  </View>
  <View
    accessible={true}
    focusable={true}
    onBlur={[Function]}
    onClick={[Function]}
    onFocus={[Function]}
    onResponderGrant={[Function]}
    onResponderMove={[Function]}
    onResponderRelease={[Function]}
    onResponderTerminate={[Function]}
    onResponderTerminationRequest={[Function]}
    onStartShouldSetResponder={[Function]}
    title="mdp"
  >
    <Text
      style={
        Object {
          "color": "#656565",
          "marginTop": 15,
          "textAlign": "center",
        }
      }
    >
      Mot de passe oubli√© ?
    </Text>
  </View>
  <View
    accessibilityRole="button"
    accessibilityState={Object {}}
    accessible={true}
    focusable={true}
    onClick={[Function]}
    onResponderGrant={[Function]}
    onResponderMove={[Function]}
    onResponderRelease={[Function]}
    onResponderTerminate={[Function]}
    onResponderTerminationRequest={[Function]}
    onStartShouldSetResponder={[Function]}
    style={
      Object {
        "opacity": 1,
      }
    }
  >
    <View
      style={
        Array [
          Object {},
        ]
      }
    >
      <Text
        style={
          Array [
            Object {
              "color": "#007AFF",
              "fontSize": 18,
              "margin": 8,
              "textAlign": "center",
            },
            Object {
              "color": "#041584",
            },
          ]
        }
      >
        PASSER
      </Text>
    </View>
  </View>
</View>
`;
